// Jest Snapshot v1, https://goo.gl/fbAQLP

exports[`Blog Side Navigation Component -- it should match the snapshot 1`] = `
<div
  className="MuiStack-root className css-17y8gsm-MuiStack-root"
>
  <div
    className="MuiStack-root css-3y1137-MuiStack-root"
  >
    <div
      className="MuiBox-root css-a3225i"
    >
      More on 
      Travel
    </div>
    <button
      className="MuiButtonBase-root MuiButton-root MuiButton-text MuiButton-textPrimary MuiButton-sizeMedium MuiButton-textSizeMedium MuiButton-root MuiButton-text MuiButton-textPrimary MuiButton-sizeMedium MuiButton-textSizeMedium css-1bxgi69-MuiButtonBase-root-MuiButton-root"
      disabled={false}
      onBlur={[Function]}
      onClick={[Function]}
      onContextMenu={[Function]}
      onDragLeave={[Function]}
      onFocus={[Function]}
      onKeyDown={[Function]}
      onKeyUp={[Function]}
      onMouseDown={[Function]}
      onMouseLeave={[Function]}
      onMouseUp={[Function]}
      onTouchEnd={[Function]}
      onTouchMove={[Function]}
      onTouchStart={[Function]}
      tabIndex={0}
      type="button"
    >
      Hide
    </button>
  </div>
  <hr
    className="MuiDivider-root MuiDivider-fullWidth css-9rad00-MuiDivider-root"
  />
  <ul
    className="MuiList-root MuiList-padding css-172qiqt-MuiList-root"
  >
    <div
      className="MuiCollapse-root MuiCollapse-vertical MuiCollapse-entered css-pwcg7p-MuiCollapse-root"
      style={
        {
          "minHeight": "0px",
        }
      }
    >
      <div
        className="MuiCollapse-wrapper MuiCollapse-vertical css-smkl36-MuiCollapse-wrapper"
      >
        <div
          className="MuiCollapse-wrapperInner MuiCollapse-vertical css-9l5vo-MuiCollapse-wrapperInner"
        >
          <li
            className="MuiListItem-root MuiListItem-gutters MuiListItem-padding css-yld962-MuiListItem-root"
            disabled={false}
          >
            <a
              aria-label="Click here to go to another article named: The Labyrith of Jodhpur"
              href="/travel/labyrinth-of-jodhpur"
              onClick={[Function]}
              onMouseEnter={[Function]}
              onTouchStart={[Function]}
            >
              The Labyrith of Jodhpur
            </a>
          </li>
        </div>
      </div>
    </div>
    <div
      className="MuiCollapse-root MuiCollapse-vertical MuiCollapse-entered css-pwcg7p-MuiCollapse-root"
      style={
        {
          "minHeight": "0px",
        }
      }
    >
      <div
        className="MuiCollapse-wrapper MuiCollapse-vertical css-smkl36-MuiCollapse-wrapper"
      >
        <div
          className="MuiCollapse-wrapperInner MuiCollapse-vertical css-9l5vo-MuiCollapse-wrapperInner"
        >
          <li
            className="MuiListItem-root MuiListItem-gutters MuiListItem-padding css-yld962-MuiListItem-root"
            disabled={false}
          >
            <a
              aria-label="Click here to go to another article named: The Labyrith of Jodhpur"
              href="/travel/labyrinth-of-jodhpur"
              onClick={[Function]}
              onMouseEnter={[Function]}
              onTouchStart={[Function]}
            >
              The Labyrith of Jodhpur
            </a>
          </li>
        </div>
      </div>
    </div>
  </ul>
</div>
`;
